[themesdesign.in/vuesy/layouts/index.html]
[backblue.gif]
[fade.gif]
[index.html]
[themesdesign.in/vuesy/layouts/assets/images/favicon.ico]
[themesdesign.in/vuesy/layouts/assets/libs/jsvectormap/css/jsvectormap.min.css]
[themesdesign.in/vuesy/layouts/assets/libs/swiper/swiper-bundle.min.css]
[themesdesign.in/vuesy/layouts/assets/css/bootstrap.min.css]
[themesdesign.in/vuesy/layouts/assets/css/app.min.css]
[themesdesign.in/vuesy/layouts/assets/css/icons.min.css]
[themesdesign.in/vuesy/layouts/ui-alerts.html]
[themesdesign.in/vuesy/layouts/ui-buttons.html]
[themesdesign.in/vuesy/layouts/ui-cards.html]
[themesdesign.in/vuesy/layouts/ui-carousel.html]
[themesdesign.in/vuesy/layouts/ui-dropdowns.html]
[themesdesign.in/vuesy/layouts/ui-grid.html]
[themesdesign.in/vuesy/layouts/ui-images.html]
[themesdesign.in/vuesy/layouts/ui-modals.html]
[themesdesign.in/vuesy/layouts/ui-offcanvas.html]
[themesdesign.in/vuesy/layouts/ui-placeholders.html]
[themesdesign.in/vuesy/layouts/ui-progressbars.html]
[themesdesign.in/vuesy/layouts/ui-tabs-accordions.html]
[themesdesign.in/vuesy/layouts/ui-typography.html]
[themesdesign.in/vuesy/layouts/ui-video.html]
[themesdesign.in/vuesy/layouts/ui-general.html]
[themesdesign.in/vuesy/layouts/ui-colors.html]
[themesdesign.in/vuesy/layouts/ui-utilities.html]
[themesdesign.in/vuesy/layouts/extended-lightbox.html]
[themesdesign.in/vuesy/layouts/extended-rangeslider.html]
[themesdesign.in/vuesy/layouts/extended-sweet-alert.html]
[themesdesign.in/vuesy/layouts/extended-rating.html]
[themesdesign.in/vuesy/layouts/extended-notifications.html]
[themesdesign.in/vuesy/layouts/extended-swiperslider.html]
[themesdesign.in/vuesy/layouts/apps-calendar.html]
[themesdesign.in/vuesy/layouts/apps-chat.html]
[themesdesign.in/vuesy/layouts/apps-kanban-board.html]
[themesdesign.in/vuesy/layouts/apps-file-manager.html]
[themesdesign.in/vuesy/layouts/ecommerce-products.html]
[themesdesign.in/vuesy/layouts/ecommerce-product-detail.html]
[themesdesign.in/vuesy/layouts/ecommerce-orders.html]
[themesdesign.in/vuesy/layouts/ecommerce-customers.html]
[themesdesign.in/vuesy/layouts/ecommerce-cart.html]
[themesdesign.in/vuesy/layouts/ecommerce-checkout.html]
[themesdesign.in/vuesy/layouts/ecommerce-shops.html]
[themesdesign.in/vuesy/layouts/ecommerce-add-product.html]
[themesdesign.in/vuesy/layouts/email-inbox.html]
[themesdesign.in/vuesy/layouts/email-read.html]
[themesdesign.in/vuesy/layouts/contacts-grid.html]
[themesdesign.in/vuesy/layouts/contacts-list.html]
[themesdesign.in/vuesy/layouts/contacts-settings.html]
[themesdesign.in/vuesy/layouts/apps-gallery.html]
[themesdesign.in/vuesy/layouts/projects-grid.html]
[themesdesign.in/vuesy/layouts/projects-list.html]
[themesdesign.in/vuesy/layouts/projects-overview.html]
[themesdesign.in/vuesy/layouts/projects-create.html]
[themesdesign.in/vuesy/layouts/form-elements.html]
[themesdesign.in/vuesy/layouts/form-validation.html]
[themesdesign.in/vuesy/layouts/form-advanced.html]
[themesdesign.in/vuesy/layouts/form-editors.html]
[themesdesign.in/vuesy/layouts/form-uploads.html]
[themesdesign.in/vuesy/layouts/form-wizard.html]
[themesdesign.in/vuesy/layouts/form-mask.html]
[themesdesign.in/vuesy/layouts/tables-basic.html]
[themesdesign.in/vuesy/layouts/tables-advanced.html]
[themesdesign.in/vuesy/layouts/charts-line.html]
[themesdesign.in/vuesy/layouts/charts-area.html]
[themesdesign.in/vuesy/layouts/charts-column.html]
[themesdesign.in/vuesy/layouts/charts-bar.html]
[themesdesign.in/vuesy/layouts/charts-mixed.html]
[themesdesign.in/vuesy/layouts/charts-timeline.html]
[themesdesign.in/vuesy/layouts/charts-candlestick.html]
[themesdesign.in/vuesy/layouts/charts-boxplot.html]
[themesdesign.in/vuesy/layouts/charts-bubble.html]
[themesdesign.in/vuesy/layouts/charts-scatter.html]
[themesdesign.in/vuesy/layouts/charts-heatmap.html]
[themesdesign.in/vuesy/layouts/charts-treemap.html]
[themesdesign.in/vuesy/layouts/charts-pie.html]
[themesdesign.in/vuesy/layouts/charts-radialbar.html]
[themesdesign.in/vuesy/layouts/charts-radar.html]
[themesdesign.in/vuesy/layouts/charts-polararea.html]
[themesdesign.in/vuesy/layouts/icons-unicons.html]
[themesdesign.in/vuesy/layouts/icons-feathericons.html]
[themesdesign.in/vuesy/layouts/icons-boxicons.html]
[themesdesign.in/vuesy/layouts/icons-materialdesign.html]
[themesdesign.in/vuesy/layouts/icons-fontawesome.html]
[themesdesign.in/vuesy/layouts/maps-google.html]
[themesdesign.in/vuesy/layouts/maps-vector.html]
[themesdesign.in/vuesy/layouts/maps-leaflet.html]
[themesdesign.in/vuesy/layouts/pricing-basic.html]
[themesdesign.in/vuesy/layouts/pricing-table.html]
[themesdesign.in/vuesy/layouts/invoices-list.html]
[themesdesign.in/vuesy/layouts/invoices-detail.html]
[themesdesign.in/vuesy/layouts/timeline-center.html]
[themesdesign.in/vuesy/layouts/timeline-left.html]
[themesdesign.in/vuesy/layouts/auth-signin-basic.html]
[themesdesign.in/vuesy/layouts/auth-signup-basic.html]
[themesdesign.in/vuesy/layouts/auth-signout-basic.html]
[themesdesign.in/vuesy/layouts/auth-lockscreen-basic.html]
[themesdesign.in/vuesy/layouts/auth-forgotpassword-basic.html]
[themesdesign.in/vuesy/layouts/auth-resetpassword-basic.html]
[themesdesign.in/vuesy/layouts/auth-emailverification-basic.html]
[themesdesign.in/vuesy/layouts/auth-2step-basic.html]
[themesdesign.in/vuesy/layouts/auth-thankyou-basic.html]
[themesdesign.in/vuesy/layouts/auth-signin-cover.html]
[themesdesign.in/vuesy/layouts/auth-signup-cover.html]
[themesdesign.in/vuesy/layouts/auth-signout-cover.html]
[themesdesign.in/vuesy/layouts/auth-lockscreen-cover.html]
[themesdesign.in/vuesy/layouts/auth-forgotpassword-cover.html]
[themesdesign.in/vuesy/layouts/auth-resetpassword-cover.html]
[themesdesign.in/vuesy/layouts/auth-emailverification-cover.html]
[themesdesign.in/vuesy/layouts/auth-2step-cover.html]
[themesdesign.in/vuesy/layouts/auth-thankyou-cover.html]
[themesdesign.in/vuesy/layouts/error-404-basic.html]
[themesdesign.in/vuesy/layouts/error-404-cover.html]
[themesdesign.in/vuesy/layouts/error-500-basic.html]
[themesdesign.in/vuesy/layouts/error-500-cover.html]
[themesdesign.in/vuesy/layouts/pages-starter.html]
[themesdesign.in/vuesy/layouts/pages-profile.html]
[themesdesign.in/vuesy/layouts/pages-maintenance.html]
[themesdesign.in/vuesy/layouts/pages-comingsoon.html]
[themesdesign.in/vuesy/layouts/pages-faqs.html]
[themesdesign.in/vuesy/layouts/layout-vertical.html]
[themesdesign.in/vuesy/layouts/assets/images/flags/us.jpg]
[themesdesign.in/vuesy/layouts/assets/images/flags/spain.jpg]
[themesdesign.in/vuesy/layouts/assets/images/flags/germany.jpg]
[themesdesign.in/vuesy/layouts/assets/images/flags/italy.jpg]
[themesdesign.in/vuesy/layouts/assets/images/flags/russia.jpg]
[themesdesign.in/vuesy/layouts/assets/images/users/avatar-3.jpg]
[themesdesign.in/vuesy/layouts/assets/images/users/avatar-4.jpg]
[themesdesign.in/vuesy/layouts/assets/images/product/img-1.png]
[themesdesign.in/vuesy/layouts/assets/images/product/img-2.png]
[themesdesign.in/vuesy/layouts/assets/images/product/img-3.png]
[themesdesign.in/vuesy/layouts/assets/images/product/img-6.png]
[themesdesign.in/vuesy/layouts/assets/images/users/avatar-1.jpg]
[themesdesign.in/vuesy/layouts/assets/images/users/avatar-2.jpg]
[themesdesign.in/vuesy/layouts/assets/images/users/avatar-5.jpg]
[themesdesign.in/vuesy/layouts/assets/libs/bootstrap/js/bootstrap.bundle.min.js]
[themesdesign.in/vuesy/layouts/assets/libs/metismenujs/metismenujs.min.js]
[themesdesign.in/vuesy/layouts/assets/libs/simplebar/simplebar.min.js]
[themesdesign.in/vuesy/layouts/assets/libs/feather-icons/feather.min.js]
[themesdesign.in/vuesy/layouts/assets/libs/jsvectormap/js/jsvectormap.min.js]
[themesdesign.in/vuesy/layouts/assets/libs/apexcharts/apexcharts.min.js]
[themesdesign.in/vuesy/layouts/assets/libs/jsvectormap/maps/world-merc.js]
[themesdesign.in/vuesy/layouts/assets/libs/swiper/swiper-bundle.min.js]
[themesdesign.in/vuesy/layouts/assets/js/pages/dashboard.init.js]
[themesdesign.in/vuesy/layouts/index.html]
[themesdesign.in/vuesy/layouts/assets/libs/jsvectormap/css/jsvectormap.min.css]
[themesdesign.in/vuesy/layouts/assets/libs/swiper/swiper-bundle.min.css]
[themesdesign.in/vuesy/layouts/assets/css/bootstrap.min.css]
[themesdesign.in/vuesy/layouts/assets/js/app.js]
[unicons.iconscout.com/release/v3.0.0/css/line.css]
[themesdesign.in/vuesy/layouts/assets/fonts/fa-brands-400.eot]
[themesdesign.in/vuesy/layouts/assets/fonts/fa-brands-400d41d.eot]
[themesdesign.in/vuesy/layouts/assets/fonts/fa-brands-400.woff]
[themesdesign.in/vuesy/layouts/assets/fonts/fa-brands-400.ttf]
[themesdesign.in/vuesy/layouts/assets/fonts/fa-regular-400.eot]
[themesdesign.in/vuesy/layouts/assets/fonts/fa-regular-400d41d.eot]
[themesdesign.in/vuesy/layouts/assets/fonts/fa-regular-400.woff]
[themesdesign.in/vuesy/layouts/assets/fonts/fa-regular-400.ttf]
[themesdesign.in/vuesy/layouts/assets/fonts/fa-solid-900.eot]
[themesdesign.in/vuesy/layouts/assets/fonts/fa-solid-900d41d.eot]
[themesdesign.in/vuesy/layouts/assets/fonts/fa-solid-900.woff]
[themesdesign.in/vuesy/layouts/assets/fonts/fa-solid-900.ttf]
[themesdesign.in/vuesy/layouts/assets/css/icons.min.css]
[themesdesign.in/vuesy/layouts/assets/css/app.min.css]
[themesdesign.in/vuesy/layouts/assets/images/logo-sm.svg]
[themesdesign.in/vuesy/layouts/ui-alerts.html]
[themesdesign.in/vuesy/layouts/ui-buttons.html]
[themesdesign.in/vuesy/layouts/assets/images/small/img-1.jpg]
[themesdesign.in/vuesy/layouts/assets/images/small/img-2.jpg]
[themesdesign.in/vuesy/layouts/assets/images/small/img-3.jpg]
[themesdesign.in/vuesy/layouts/assets/images/small/img-4.jpg]
[themesdesign.in/vuesy/layouts/assets/images/small/img-6.jpg]
[themesdesign.in/vuesy/layouts/assets/images/small/img-7.jpg]
[themesdesign.in/vuesy/layouts/assets/images/small/img-5.jpg]
[themesdesign.in/vuesy/layouts/ui-cards.html]
[themesdesign.in/vuesy/layouts/assets/libs/masonry-layout/masonry.pkgd.min.js]
[themesdesign.in/vuesy/layouts/assets/images/small/img-9.jpg]
[themesdesign.in/vuesy/layouts/assets/images/small/img-8.jpg]
[themesdesign.in/vuesy/layouts/ui-carousel.html]
[themesdesign.in/vuesy/layouts/ui-dropdowns.html]
[themesdesign.in/vuesy/layouts/ui-grid.html]
[themesdesign.in/vuesy/layouts/assets/images/users/avatar-8.jpg]
[themesdesign.in/vuesy/layouts/assets/images/users/avatar-10.jpg]
[themesdesign.in/vuesy/layouts/ui-images.html]
[themesdesign.in/vuesy/layouts/ui-modals.html]
[themesdesign.in/vuesy/layouts/ui-offcanvas.html]
[themesdesign.in/vuesy/layouts/assets/images/small/img-11.jpg]
[themesdesign.in/vuesy/layouts/ui-placeholders.html]
[themesdesign.in/vuesy/layouts/ui-progressbars.html]
[themesdesign.in/vuesy/layouts/ui-tabs-accordions.html]
[themesdesign.in/vuesy/layouts/ui-typography.html]
[themesdesign.in/vuesy/layouts/ui-video.html]
[themesdesign.in/vuesy/layouts/ui-general.html]
[themesdesign.in/vuesy/layouts/ui-colors.html]
[themesdesign.in/vuesy/layouts/ui-utilities.html]
[themesdesign.in/vuesy/layouts/assets/libs/glightbox/css/glightbox.min.css]
[themesdesign.in/vuesy/layouts/assets/js/pages/lightbox.init.js]
[themesdesign.in/vuesy/layouts/extended-lightbox.html]
[themesdesign.in/vuesy/layouts/assets/libs/glightbox/js/glightbox.min.js]
[themesdesign.in/vuesy/layouts/assets/libs/nouisliderribute/nouislider.min.css]
[themesdesign.in/vuesy/layouts/assets/libs/nouisliderribute/nouislider.min.js]
[themesdesign.in/vuesy/layouts/assets/libs/wnumb/wNumb.min.js]
[themesdesign.in/vuesy/layouts/assets/js/pages/range-sliders.init.js]
[themesdesign.in/vuesy/layouts/extended-rangeslider.html]
[themesdesign.in/vuesy/layouts/assets/libs/sweetalert2/sweetalert2.min.css]
[themesdesign.in/vuesy/layouts/assets/js/pages/sweet-alerts.init.js]
[themesdesign.in/vuesy/layouts/extended-sweet-alert.html]
[themesdesign.in/vuesy/layouts/assets/libs/sweetalert2/sweetalert2.min.js]
[themesdesign.in/vuesy/layouts/assets/libs/rater-js/index.js]
[themesdesign.in/vuesy/layouts/assets/js/pages/rating.init.js]
[themesdesign.in/vuesy/layouts/extended-rating.html]
[themesdesign.in/vuesy/layouts/assets/libs/alertifyjs/build/css/alertify.min.css]
[themesdesign.in/vuesy/layouts/assets/libs/alertifyjs/build/css/themes/default.min.css]
[themesdesign.in/vuesy/layouts/assets/libs/alertifyjs/build/alertify.min.js]
[themesdesign.in/vuesy/layouts/assets/js/pages/notification.init.js]
[themesdesign.in/vuesy/layouts/extended-notifications.html]
[themesdesign.in/vuesy/layouts/assets/js/pages/swiper-slider.init.js]
[themesdesign.in/vuesy/layouts/extended-swiperslider.html]
[themesdesign.in/vuesy/layouts/assets/libs/fullcalendar/main.min.css]
[themesdesign.in/vuesy/layouts/assets/js/pages/calendar.init.js]
[themesdesign.in/vuesy/layouts/apps-calendar.html]
[themesdesign.in/vuesy/layouts/assets/images/users/avatar-9.jpg]
[themesdesign.in/vuesy/layouts/apps-chat.html]
[themesdesign.in/vuesy/layouts/assets/libs/fullcalendar/main.min.js]
[themesdesign.in/vuesy/layouts/assets/libs/dragula/dragula.min.css]
[themesdesign.in/vuesy/layouts/assets/images/users/avatar-7.jpg]
[themesdesign.in/vuesy/layouts/assets/libs/dragula/dragula.min.js]
[themesdesign.in/vuesy/layouts/assets/js/pages/kanbanboard.init.js]
[themesdesign.in/vuesy/layouts/apps-kanban-board.html]
[themesdesign.in/vuesy/layouts/assets/images/users/avatar-6.jpg]
[themesdesign.in/vuesy/layouts/assets/js/pages/file-manager.init.js]
[themesdesign.in/vuesy/layouts/apps-file-manager.html]
[themesdesign.in/vuesy/layouts/assets/images/product/img-4.png]
[themesdesign.in/vuesy/layouts/assets/images/product/img-5.png]
[themesdesign.in/vuesy/layouts/assets/images/product/img-7.png]
[themesdesign.in/vuesy/layouts/assets/images/product/img-8.png]
[themesdesign.in/vuesy/layouts/assets/js/pages/product-filter-range.init.js]
[themesdesign.in/vuesy/layouts/ecommerce-products.html]
[themesdesign.in/vuesy/layouts/assets/js/pages/ecommerce-product-detail.init.js]
[themesdesign.in/vuesy/layouts/ecommerce-product-detail.html]
[themesdesign.in/vuesy/layouts/ecommerce-orders.html]
[themesdesign.in/vuesy/layouts/ecommerce-customers.html]
[themesdesign.in/vuesy/layouts/ecommerce-cart.html]
[themesdesign.in/vuesy/layouts/ecommerce-checkout.html]
[themesdesign.in/vuesy/layouts/ecommerce-shops.html]
[themesdesign.in/vuesy/layouts/ecommerce-product-detail-2.html]
[themesdesign.in/vuesy/layouts/assets/libs/choices.js/public/assets/styles/choices.min.css]
[themesdesign.in/vuesy/layouts/assets/libs/dropzone/min/dropzone.min.css]
[themesdesign.in/vuesy/layouts/assets/libs/choices.js/public/assets/scripts/choices.min.js]
[themesdesign.in/vuesy/layouts/assets/libs/dropzone/min/dropzone.min.js]
[themesdesign.in/vuesy/layouts/assets/js/pages/ecommerce-choices.init.js]
[themesdesign.in/vuesy/layouts/ecommerce-add-product.html]
[themesdesign.in/vuesy/layouts/assets/js/pages/email-editor.init.js]
[themesdesign.in/vuesy/layouts/email-inbox.html]
[themesdesign.in/vuesy/layouts/email-read.html]
[themesdesign.in/vuesy/layouts/contacts-grid.html]
[themesdesign.in/vuesy/layouts/contacts-list.html]
[themesdesign.in/vuesy/layouts/assets/libs/flatpickr/flatpickr.min.css]
[themesdesign.in/vuesy/layouts/assets/libs/@ckeditor/ckeditor5-build-classic/build/ckeditor.js]
[themesdesign.in/vuesy/layouts/assets/images/pattern-bg.jpg]
[themesdesign.in/vuesy/layouts/assets/libs/flatpickr/flatpickr.min.js]
[themesdesign.in/vuesy/layouts/assets/js/pages/user-settings.init.js]
[themesdesign.in/vuesy/layouts/contacts-settings.html]
[themesdesign.in/vuesy/layouts/assets/libs/isotope-layout/isotope.pkgd.min.js]
[themesdesign.in/vuesy/layouts/assets/js/pages/gallery.init.js]
[themesdesign.in/vuesy/layouts/apps-gallery.html]
[themesdesign.in/vuesy/layouts/assets/images/companies/img-1.png]
[themesdesign.in/vuesy/layouts/assets/images/companies/img-2.png]
[themesdesign.in/vuesy/layouts/assets/images/companies/img-3.png]
[themesdesign.in/vuesy/layouts/assets/images/companies/img-4.png]
[themesdesign.in/vuesy/layouts/assets/images/companies/img-5.png]
[themesdesign.in/vuesy/layouts/assets/images/companies/img-6.png]
[themesdesign.in/vuesy/layouts/projects-grid.html]
[themesdesign.in/vuesy/layouts/projects-list.html]
[themesdesign.in/vuesy/layouts/projects-overview.html]
[themesdesign.in/vuesy/layouts/assets/js/pages/project-create.init.js]
[themesdesign.in/vuesy/layouts/projects-create.html]
[themesdesign.in/vuesy/layouts/form-elements.html]
[themesdesign.in/vuesy/layouts/assets/js/pages/form-validation.init.js]
[themesdesign.in/vuesy/layouts/form-validation.html]
[themesdesign.in/vuesy/layouts/assets/libs/@simonwep/pickr/themes/classic.min.css]
[themesdesign.in/vuesy/layouts/assets/libs/@simonwep/pickr/themes/monolith.min.css]
[themesdesign.in/vuesy/layouts/assets/libs/@simonwep/pickr/themes/nano.min.css]
[themesdesign.in/vuesy/layouts/assets/libs/@simonwep/pickr/pickr.min.js]
[themesdesign.in/vuesy/layouts/assets/js/pages/form-advanced.init.js]
[themesdesign.in/vuesy/layouts/form-advanced.html]
[themesdesign.in/vuesy/layouts/assets/libs/quill/quill.core.css]
[themesdesign.in/vuesy/layouts/assets/libs/quill/quill.bubble.css]
[themesdesign.in/vuesy/layouts/assets/libs/quill/quill.snow.css]
[themesdesign.in/vuesy/layouts/assets/js/pages/form-editor.init.js]
[themesdesign.in/vuesy/layouts/form-editors.html]
[themesdesign.in/vuesy/layouts/form-uploads.html]
[themesdesign.in/vuesy/layouts/assets/libs/quill/quill.min.js]
[themesdesign.in/vuesy/layouts/assets/js/pages/form-wizard.init.js]
[themesdesign.in/vuesy/layouts/form-wizard.html]
[themesdesign.in/vuesy/layouts/assets/libs/imask/imask.min.js]
[themesdesign.in/vuesy/layouts/assets/js/pages/form-mask.init.js]
[themesdesign.in/vuesy/layouts/form-mask.html]
[themesdesign.in/vuesy/layouts/tables-basic.html]
[themesdesign.in/vuesy/layouts/assets/libs/gridjs/theme/mermaid.min.css]
[themesdesign.in/vuesy/layouts/assets/libs/gridjs/gridjs.umd.js]
[themesdesign.in/vuesy/layouts/assets/js/pages/gridjs.init.js]
[themesdesign.in/vuesy/layouts/tables-advanced.html]
[apexcharts.com/samples/assets/stock-prices.js]
[themesdesign.in/vuesy/layouts/charts-line.html]
[themesdesign.in/vuesy/layouts/assets/js/pages/apexcharts-line.init.js]
[apexcharts.com/samples/assets/github-data.js]
[apexcharts.com/samples/assets/irregular-data-series.js]
[themesdesign.in/vuesy/layouts/assets/libs/moment/min/moment.min.js]
[themesdesign.in/vuesy/layouts/charts-area.html]
[themesdesign.in/vuesy/layouts/assets/js/pages/apexcharts-area.init.js]
[themesdesign.in/vuesy/layouts/charts-column.html]
[themesdesign.in/vuesy/layouts/assets/js/pages/apexcharts-column.init.js]
[themesdesign.in/vuesy/layouts/charts-bar.html]
[themesdesign.in/vuesy/layouts/assets/js/pages/apexcharts-bar.init.js]
[themesdesign.in/vuesy/layouts/assets/js/pages/apexcharts-mixed.init.js]
[themesdesign.in/vuesy/layouts/charts-mixed.html]
[themesdesign.in/vuesy/layouts/assets/js/pages/apexcharts-timeline.init.js]
[themesdesign.in/vuesy/layouts/charts-timeline.html]
[apexcharts.com/samples/assets/ohlc.js]
[cdnjs.cloudflare.com/ajax/libs/dayjs/1.8.17/dayjs.min.js]
[themesdesign.in/vuesy/layouts/charts-candlestick.html]
[themesdesign.in/vuesy/layouts/assets/js/pages/apexcharts-candlestick.init.js]
[themesdesign.in/vuesy/layouts/assets/js/pages/apexcharts-boxplot.init.js]
[themesdesign.in/vuesy/layouts/charts-boxplot.html]
[themesdesign.in/vuesy/layouts/assets/js/pages/apexcharts-bubble.init.js]
[themesdesign.in/vuesy/layouts/charts-bubble.html]
[themesdesign.in/vuesy/layouts/assets/js/pages/apexcharts-scatter.init.js]
[themesdesign.in/vuesy/layouts/charts-scatter.html]
[themesdesign.in/vuesy/layouts/assets/js/pages/apexcharts-heatmap.init.js]
[themesdesign.in/vuesy/layouts/charts-heatmap.html]
[themesdesign.in/vuesy/layouts/assets/js/pages/apexcharts-treemap.init.js]
[themesdesign.in/vuesy/layouts/charts-treemap.html]
[themesdesign.in/vuesy/layouts/assets/js/pages/apexcharts-pie.init.js]
[themesdesign.in/vuesy/layouts/charts-pie.html]
[themesdesign.in/vuesy/layouts/assets/js/pages/apexcharts-radialbar.init.js]
[themesdesign.in/vuesy/layouts/charts-radialbar.html]
[themesdesign.in/vuesy/layouts/assets/js/pages/apexcharts-radar.init.js]
[themesdesign.in/vuesy/layouts/charts-radar.html]
[themesdesign.in/vuesy/layouts/assets/js/pages/apexcharts-polararea.init.js]
[themesdesign.in/vuesy/layouts/charts-polararea.html]
[themesdesign.in/vuesy/layouts/icons-unicons.html]
[themesdesign.in/vuesy/layouts/icons-feathericons.html]
[themesdesign.in/vuesy/layouts/icons-boxicons.html]
[themesdesign.in/vuesy/layouts/icons-materialdesign.html]
[themesdesign.in/vuesy/layouts/assets/js/pages/materialdesign.init.js]
[themesdesign.in/vuesy/layouts/icons-fontawesome.html]
[themesdesign.in/vuesy/layouts/assets/libs/gmaps/gmaps.min.js]
[themesdesign.in/vuesy/layouts/assets/js/pages/fontawesome.init.js]
[themesdesign.in/vuesy/layouts/assets/js/pages/gmaps.init.js]
[themesdesign.in/vuesy/layouts/maps-google.html]
[themesdesign.in/vuesy/layouts/assets/libs/jsvectormap/maps/us-merc-en.js]
[themesdesign.in/vuesy/layouts/assets/libs/jsvectormap/maps/canada.js]
[themesdesign.in/vuesy/layouts/assets/js/pages/vector-maps.init.js]
[themesdesign.in/vuesy/layouts/maps-vector.html]
[themesdesign.in/vuesy/layouts/assets/libs/leaflet/leaflet.css]
[themesdesign.in/vuesy/layouts/assets/js/pages/leaflet-us-states.js]
[themesdesign.in/vuesy/layouts/assets/libs/leaflet/leaflet.js]
[themesdesign.in/vuesy/layouts/assets/js/pages/leaflet-map.init.js]
[themesdesign.in/vuesy/layouts/maps-leaflet.html]
[themesdesign.in/vuesy/layouts/assets/js/pages/pricing.init.js]
[themesdesign.in/vuesy/layouts/pricing-basic.html]
[themesdesign.in/vuesy/layouts/pricing-table.html]
[themesdesign.in/vuesy/layouts/assets/js/pages/invoice-list.init.js]
[themesdesign.in/vuesy/layouts/invoices-list.html]
[themesdesign.in/vuesy/layouts/invoices-detail.html]
[themesdesign.in/vuesy/layouts/timeline-center.html]
[themesdesign.in/vuesy/layouts/timeline-left.html]
[themesdesign.in/vuesy/layouts/assets/js/pages/pass-addon.init.js]
[themesdesign.in/vuesy/layouts/auth-signin-basic.html]
[themesdesign.in/vuesy/layouts/auth-signup-basic.html]
[themesdesign.in/vuesy/layouts/auth-signout-basic.html]
[themesdesign.in/vuesy/layouts/auth-lockscreen-basic.html]
[themesdesign.in/vuesy/layouts/auth-forgotpassword-basic.html]
[themesdesign.in/vuesy/layouts/auth-resetpassword-basic.html]
[themesdesign.in/vuesy/layouts/auth-emailverification-basic.html]
[themesdesign.in/vuesy/layouts/assets/js/pages/two-step-verification.init.js]
[themesdesign.in/vuesy/layouts/auth-2step-basic.html]
[themesdesign.in/vuesy/layouts/auth-thankyou-basic.html]
[themesdesign.in/vuesy/layouts/assets/images/auth-img.png]
[themesdesign.in/vuesy/layouts/auth-signin-cover.html]
[themesdesign.in/vuesy/layouts/auth-signup-cover.html]
[themesdesign.in/vuesy/layouts/auth-signout-cover.html]
[themesdesign.in/vuesy/layouts/auth-lockscreen-cover.html]
[themesdesign.in/vuesy/layouts/auth-forgotpassword-cover.html]
[themesdesign.in/vuesy/layouts/auth-resetpassword-cover.html]
[themesdesign.in/vuesy/layouts/auth-emailverification-cover.html]
[themesdesign.in/vuesy/layouts/auth-2step-cover.html]
[themesdesign.in/vuesy/layouts/auth-thankyou-cover.html]
[themesdesign.in/vuesy/layouts/error-404-basic.html]
[themesdesign.in/vuesy/layouts/assets/images/error-img.png]
[themesdesign.in/vuesy/layouts/error-404-cover.html]
[themesdesign.in/vuesy/layouts/error-500-basic.html]
[themesdesign.in/vuesy/layouts/error-500-cover.html]
[themesdesign.in/vuesy/layouts/pages-starter.html]
[themesdesign.in/vuesy/layouts/assets/js/pages/profile.init.js]
[themesdesign.in/vuesy/layouts/pages-profile.html]
[themesdesign.in/vuesy/layouts/assets/images/maintenance.png]
[themesdesign.in/vuesy/layouts/pages-maintenance.html]
[themesdesign.in/vuesy/layouts/assets/js/pages/coming-soon.init.js]
[themesdesign.in/vuesy/layouts/pages-comingsoon.html]
[themesdesign.in/vuesy/layouts/pages-faqs.html]
[themesdesign.in/vuesy/layouts/layout-vertical.html]
[unicons.iconscout.com/release/v3.0.0/css/line.css]
[themesdesign.in/vuesy/layouts/assets/fonts/fa-brands-400.html]
[themesdesign.in/vuesy/layouts/assets/fonts/fa-brands-400.svg]
[themesdesign.in/vuesy/layouts/assets/fonts/fa-regular-400.html]
[themesdesign.in/vuesy/layouts/assets/fonts/fa-regular-400.svg]
[themesdesign.in/vuesy/layouts/assets/fonts/fa-solid-900.html]
[themesdesign.in/vuesy/layouts/assets/fonts/fa-solid-900.svg]
[themesdesign.in/vuesy/layouts/assets/libs/glightbox/css/glightbox.min.css]
[themesdesign.in/vuesy/layouts/assets/libs/nouisliderribute/nouislider.min.css]
[themesdesign.in/vuesy/layouts/assets/libs/sweetalert2/sweetalert2.min.css]
[themesdesign.in/vuesy/layouts/assets/libs/alertifyjs/build/css/alertify.min.css]
[themesdesign.in/vuesy/layouts/assets/libs/alertifyjs/build/css/themes/default.min.css]
[themesdesign.in/vuesy/layouts/assets/libs/fullcalendar/main.min.css]
[themesdesign.in/vuesy/layouts/assets/libs/dragula/dragula.min.css]
[themesdesign.in/vuesy/layouts/ecommerce-product-detail-2.html]
[themesdesign.in/vuesy/layouts/assets/libs/choices.js/public/assets/styles/choices.min.css]
[themesdesign.in/vuesy/layouts/assets/libs/dropzone/min/dropzone.min.css]
[themesdesign.in/vuesy/layouts/assets/libs/flatpickr/flatpickr.min.css]
[themesdesign.in/vuesy/layouts/assets/libs/@simonwep/pickr/themes/classic.min.css]
[themesdesign.in/vuesy/layouts/assets/libs/@simonwep/pickr/themes/monolith.min.css]
[themesdesign.in/vuesy/layouts/assets/libs/@simonwep/pickr/themes/nano.min.css]
[themesdesign.in/vuesy/layouts/assets/libs/quill/quill.core.css]
[themesdesign.in/vuesy/layouts/assets/libs/quill/quill.bubble.css]
[themesdesign.in/vuesy/layouts/assets/libs/quill/quill.snow.css]
[themesdesign.in/vuesy/layouts/assets/libs/gridjs/theme/mermaid.min.css]
[themesdesign.in/vuesy/layouts/assets/libs/leaflet/images/layers.png]
[themesdesign.in/vuesy/layouts/assets/libs/leaflet/images/layers-2x.png]
[themesdesign.in/vuesy/layouts/assets/libs/leaflet/images/marker-icon.png]
[themesdesign.in/vuesy/layouts/assets/libs/leaflet/leaflet.css]
